// Jest Snapshot v1, https://goo.gl/fbAQLP

exports[`Testing al cliente Es Elih?  1`] = `
{
  "balance": 500,
  "nombre": "Elih Freecs",
  "tipo": "Premium",
}
`;
